// Jest Snapshot v1, https://goo.gl/fbAQLP

exports[`Four Year Plan Page renders 1`] = `
<body>
  <div>
    <div
      data-testid="test-root-element"
    >
      <div>
        <div
          class="drag-drop"
        >
          <div
            style="overflow: hidden; clear: both;"
          >
            <div
              data-testid="semester"
              style="height: 15rem; width: 19%; margin-right: .5rem; margin-bottom: .5rem; color: white; padding: 1rem; text-align: center; font-size: 1rem; line-height: normal; float: left; white-space: pre; background: rgb(0, 73, 144); border-radius: .5rem; overflow: auto; background-color: rgb(0, 73, 144);"
            >
              Semester 1 
 Fall 
 Credits 0
            </div>
            <div
              data-testid="semester"
              style="height: 15rem; width: 19%; margin-right: .5rem; margin-bottom: .5rem; color: white; padding: 1rem; text-align: center; font-size: 1rem; line-height: normal; float: left; white-space: pre; background: rgb(0, 73, 144); border-radius: .5rem; overflow: auto; background-color: rgb(0, 73, 144);"
            >
              Semester 2 
 Spring 
 Credits 0
            </div>
            <div
              data-testid="semester"
              style="height: 15rem; width: 19%; margin-right: .5rem; margin-bottom: .5rem; color: white; padding: 1rem; text-align: center; font-size: 1rem; line-height: normal; float: left; white-space: pre; background: rgb(0, 73, 144); border-radius: .5rem; overflow: auto; background-color: rgb(0, 73, 144);"
            >
              Semester 3 
 Fall 
 Credits 0
            </div>
            <div
              data-testid="semester"
              style="height: 15rem; width: 19%; margin-right: .5rem; margin-bottom: .5rem; color: white; padding: 1rem; text-align: center; font-size: 1rem; line-height: normal; float: left; white-space: pre; background: rgb(0, 73, 144); border-radius: .5rem; overflow: auto; background-color: rgb(0, 73, 144);"
            >
              Semester 4 
 Spring 
 Credits 0
            </div>
            <div
              data-testid="semester"
              style="height: 15rem; width: 19%; margin-right: .5rem; margin-bottom: .5rem; color: white; padding: 1rem; text-align: center; font-size: 1rem; line-height: normal; float: left; white-space: pre; background: rgb(0, 73, 144); border-radius: .5rem; overflow: auto; background-color: rgb(0, 73, 144);"
            >
              Semester 5 
 Fall 
 Credits 0
            </div>
            <div
              data-testid="semester"
              style="height: 15rem; width: 19%; margin-right: .5rem; margin-bottom: .5rem; color: white; padding: 1rem; text-align: center; font-size: 1rem; line-height: normal; float: left; white-space: pre; background: rgb(0, 73, 144); border-radius: .5rem; overflow: auto; background-color: rgb(0, 73, 144);"
            >
              Semester 6 
 Spring 
 Credits 0
            </div>
            <div
              data-testid="semester"
              style="height: 15rem; width: 19%; margin-right: .5rem; margin-bottom: .5rem; color: white; padding: 1rem; text-align: center; font-size: 1rem; line-height: normal; float: left; white-space: pre; background: rgb(0, 73, 144); border-radius: .5rem; overflow: auto; background-color: rgb(0, 73, 144);"
            >
              Semester 7 
 Fall 
 Credits 0
            </div>
            <div
              data-testid="semester"
              style="height: 15rem; width: 19%; margin-right: .5rem; margin-bottom: .5rem; color: white; padding: 1rem; text-align: center; font-size: 1rem; line-height: normal; float: left; white-space: pre; background: rgb(0, 73, 144); border-radius: .5rem; overflow: auto; background-color: rgb(0, 73, 144);"
            >
              Semester 8 
 Spring 
 Credits 0
            </div>
            <button
              data-testid="ExportButton"
            >
              Export Schedule
            </button>
          </div>
          <div
            class="class-dropdown"
            style="overflow: hidden; clear: both;"
          >
            <div>
              <div
                class="course-box-header"
              >
                <div
                  class="MuiAutocomplete-root MuiAutocomplete-hasPopupIcon css-1pskylb-MuiAutocomplete-root"
                >
                  <div
                    class="MuiFormControl-root MuiFormControl-fullWidth MuiTextField-root css-wb57ya-MuiFormControl-root-MuiTextField-root"
                  >
                    <div
                      class="MuiInputBase-root MuiOutlinedInput-root MuiInputBase-colorPrimary MuiInputBase-fullWidth MuiInputBase-formControl MuiInputBase-adornedEnd MuiAutocomplete-inputRoot css-154xyx0-MuiInputBase-root-MuiOutlinedInput-root"
                    >
                      <input
                        aria-autocomplete="list"
                        aria-expanded="false"
                        aria-invalid="false"
                        autocapitalize="none"
                        autocomplete="off"
                        class="MuiInputBase-input MuiOutlinedInput-input MuiInputBase-inputAdornedEnd MuiAutocomplete-input MuiAutocomplete-inputFocused css-nxo287-MuiInputBase-input-MuiOutlinedInput-input"
                        id=":r0:"
                        role="combobox"
                        spellcheck="false"
                        type="text"
                        value=""
                      />
                      <div
                        class="MuiAutocomplete-endAdornment css-1q60rmi-MuiAutocomplete-endAdornment"
                      >
                        <button
                          aria-label="Open"
                          class="MuiButtonBase-root MuiIconButton-root MuiIconButton-sizeMedium MuiAutocomplete-popupIndicator css-qzbt6i-MuiButtonBase-root-MuiIconButton-root-MuiAutocomplete-popupIndicator"
                          tabindex="-1"
                          title="Open"
                          type="button"
                        >
                          <svg
                            aria-hidden="true"
                            class="MuiSvgIcon-root MuiSvgIcon-fontSizeMedium css-i4bv87-MuiSvgIcon-root"
                            data-testid="ArrowDropDownIcon"
                            focusable="false"
                            viewBox="0 0 24 24"
                          >
                            <path
                              d="M7 10l5 5 5-5z"
                            />
                          </svg>
                          <span
                            class="MuiTouchRipple-root css-8je8zh-MuiTouchRipple-root"
                          />
                        </button>
                      </div>
                      <fieldset
                        aria-hidden="true"
                        class="MuiOutlinedInput-notchedOutline css-1d3z3hw-MuiOutlinedInput-notchedOutline"
                      >
                        <legend
                          class="css-ihdtdm"
                        >
                          <span
                            class="notranslate"
                          >
                            â€‹
                          </span>
                        </legend>
                      </fieldset>
                    </div>
                  </div>
                </div>
              </div>
            </div>
            <div
              style="height: 30rem; width: 90%; margin-right: .5rem; margin-bottom: .5rem; color: white; padding: 1rem; text-align: center; font-size: 1rem; line-height: normal; float: left; background: rgb(0, 73, 144); border-radius: .5rem; overflow: auto; background-color: rgb(0, 73, 144);"
            />
          </div>
          <div
            class="right-information-box"
          >
            <div
              class="right-information-box-header"
            >
              <div
                class="MuiAutocomplete-root MuiAutocomplete-hasPopupIcon css-1pskylb-MuiAutocomplete-root"
              >
                <div
                  class="MuiFormControl-root MuiFormControl-fullWidth MuiTextField-root css-wb57ya-MuiFormControl-root-MuiTextField-root"
                >
                  <div
                    class="MuiInputBase-root MuiOutlinedInput-root MuiInputBase-colorPrimary MuiInputBase-fullWidth MuiInputBase-formControl MuiInputBase-adornedEnd MuiAutocomplete-inputRoot css-154xyx0-MuiInputBase-root-MuiOutlinedInput-root"
                  >
                    <input
                      aria-autocomplete="list"
                      aria-expanded="false"
                      aria-invalid="false"
                      autocapitalize="none"
                      autocomplete="off"
                      class="MuiInputBase-input MuiOutlinedInput-input MuiInputBase-inputAdornedEnd MuiAutocomplete-input MuiAutocomplete-inputFocused css-nxo287-MuiInputBase-input-MuiOutlinedInput-input"
                      id=":r2:"
                      role="combobox"
                      spellcheck="false"
                      type="text"
                      value=""
                    />
                    <div
                      class="MuiAutocomplete-endAdornment css-1q60rmi-MuiAutocomplete-endAdornment"
                    >
                      <button
                        aria-label="Open"
                        class="MuiButtonBase-root MuiIconButton-root MuiIconButton-sizeMedium MuiAutocomplete-popupIndicator css-qzbt6i-MuiButtonBase-root-MuiIconButton-root-MuiAutocomplete-popupIndicator"
                        tabindex="-1"
                        title="Open"
                        type="button"
                      >
                        <svg
                          aria-hidden="true"
                          class="MuiSvgIcon-root MuiSvgIcon-fontSizeMedium css-i4bv87-MuiSvgIcon-root"
                          data-testid="ArrowDropDownIcon"
                          focusable="false"
                          viewBox="0 0 24 24"
                        >
                          <path
                            d="M7 10l5 5 5-5z"
                          />
                        </svg>
                        <span
                          class="MuiTouchRipple-root css-8je8zh-MuiTouchRipple-root"
                        />
                      </button>
                    </div>
                    <fieldset
                      aria-hidden="true"
                      class="MuiOutlinedInput-notchedOutline css-1d3z3hw-MuiOutlinedInput-notchedOutline"
                    >
                      <legend
                        class="css-ihdtdm"
                      >
                        <span
                          class="notranslate"
                        >
                          â€‹
                        </span>
                      </legend>
                    </fieldset>
                  </div>
                </div>
              </div>
            </div>
            <div
              class="right-information-box-content"
            >
              <p
                class="right-information-box-description"
              >
                Select a category and drag a course onto a semester to begin planning.
              </p>
            </div>
          </div>
        </div>
      </div>
    </div>
  </div>
</body>
`;
